DINOv3 detector  img=448 grid=28 epochs=80
train 3600 | val 400
  [train] 16/3600 (5s)
  [train] 336/3600 (98s)
  [train] 656/3600 (183s)
  [train] 976/3600 (274s)
  [train] 1296/3600 (361s)
  [train] 1616/3600 (454s)
  [train] 1936/3600 (544s)
  [train] 2256/3600 (645s)
  [train] 2576/3600 (732s)
  [train] 2896/3600 (823s)
  [train] 3216/3600 (916s)
  [train] 3536/3600 (1008s)
  [val] 16/400 (4s)
  [val] 336/400 (88s)
training head ...
D:\CourseWork\Semester3\ADS\Project\scripts\od_03_dinov3_detector.py:279: UserWarning: Converting a tensor with requires_grad=True to a scalar may lead to unexpected behavior.
Consider using tensor.detach() first. (Triggered internally at C:\actions-runner\_work\pytorch\pytorch\torch\csrc\autograd\generated\python_variable_methods.cpp:839.)
  tot += float(loss)
  epoch   0  loss=0.5243
  epoch  10  loss=0.1081
  epoch  20  loss=0.0468
  epoch  30  loss=0.0293
  epoch  40  loss=0.0203
  epoch  50  loss=0.0154
  epoch  60  loss=0.0099
  epoch  70  loss=0.0074
  epoch  79  loss=0.0069
       taxon  dinov3_AP50  paper_mAP50      diff
 Arcellinida     0.444435       0.9580 -0.513565
   Digononta     0.211746       0.9160 -0.704254
 Monogononta     0.151201       0.8340 -0.682799
    Nematoda     0.065484       0.7780 -0.712516
Hypotrichida     0.538799       0.9910 -0.452201
     OVERALL     0.282333       0.8954 -0.613067

DINOv3 detector mAP@0.5 = 0.282  (paper 0.895)
D:\CourseWork\Semester3\ADS\Project\scripts\od_03_dinov3_detector.py:380: UserWarning: The given NumPy array is not writable, and PyTorch does not support non-writable tensors. This means writing to this tensor will result in undefined behavior. You may want to copy the array to protect its data or make it writable before converting it to a tensor. This type of warning will be suppressed for the rest of this program. (Triggered internally at C:\actions-runner\_work\pytorch\pytorch\torch\csrc\utils\tensor_numpy.cpp:219.)
  x = torch.from_numpy(np.ascontiguousarray(fva[i:i+1])).float().permute(0, 3, 1, 2)
